[backblue.gif]
[fade.gif]
[index.html]
[tweakshub.club/assets/js/jquery.min9d52.js]
[tweakshub.club/assets/js/jquery-migrate.mind617.js]
[tweakshub.club/assets/img/favicon.ico]
[tweakshub.club/assets/img/cropped-google-play-2-180x180.png]
[tweakshub.club/img/ikonanr1.png]
[tweakshub.club/assets/img/ikonanr2-1.png]
[tweakshub.club/img/ikonanr3.png]
[cdn.shopify.com/s/files/1/0016/4056/2749/files/amazonbanner.jpg]
[i.imgur.com/h23m6py.png]
[tweakshub.club/img/logo.png]
[tweakshub.club/assets/img/sprzedanych.png]
[tweakshub.club/assets/img/zadowolonych.png]
[tweakshub.club/assets/img/zrealizowanych.png]
[tweakshub.club/assets/img/ee46c246d6e0f34308d44f183b54bfa0db5d5194_full.jpg]
[tweakshub.club/assets/img/avatar_circle_blue_512dp.png]
[tweakshub.club/assets/img/2a7a9727b90591d61ce6b091e410693df7e15b72_full.jpg]
[i.imgur.com/O3wgmKF.png]
[tweakshub.club/index.html]
[tweakshub.club/assets/css/style.min4999.css]
[tweakshub.club/assets/css/stylesc225.css]
[tweakshub.club/assets/css/style2.mine4e7.css]
[tweakshub.club/assets/fonts/materialdesignicons-webfont.woff2]
[tweakshub.club/assets/fonts/materialdesignicons-webfont.woff]
[tweakshub.club/assets/fonts/materialdesignicons-webfont.ttf]
[tweakshub.club/assets/css/material-icons.mine4e7.css]
[tweakshub.club/assets/css/theme.bundle.mine4e7.css]
[tweakshub.club/assets/css/kirki-styles.html]
[tweakshub.club/wp-json/index.html]
[tweakshub.club/wp-json/wp/v2/pages/6.html]
[tweakshub.club/xmlrpc0db0.html]
[tweakshub.club/wp-includes/wlwmanifest.html]
[tweakshub.club/_https_/stylecaster.com/wp-content/uploads/2021/10/amazon-beauty-gifts-holidays.html]
[tweakshub.club/img/favicon.ico]
[cdnjs.cloudflare.com/ajax/libs/font-awesome/4.7.0/css/font-awesome.css]
[use.fontawesome.com/releases/v5.0.13/js/brands.js]
[use.fontawesome.com/releases/v5.0.13/js/fontawesome.js]
[tweakshub.club/img/zloto.png]
[tweakshub.club/img/diamenty.png]
[tweakshub.club/img/tlo2.png]
[tweakshub.club/img/Roblox-Logo.png]
[tweakshub.club/img/status-icon.png]
[tweakshub.club/img/avatar.png]
[tweakshub.club/img/bo.jpg]
[tweakshub.club/video/testowy.mp4]
[tweakshub.club/img/fut-p-img.png]
[tweakshub.club/img/fut-c-img.png]
[tweakshq.club/img/curv-footer-green-footer-design-11562986397sgy5ah5psw-removebg-preview.png]
[ajax.googleapis.com/ajax/libs/jquery/2.1.4/jquery.min.js]
[tweakshub.club/js/bootstrap.min.js]
[tweakshub.club/js/validator.min.js]
[tweakshub.club/js/form-scripts.js]
[tweakshub.club/js/jquery.magnific-popup.min.js]
[tweakshub.club/js/ion.sound.min.js]
[tweakshub.club/js/slick.min.js]
[tweakshub.club/js/jquery.countTo.js]
[tweakshub.club/js/activity.js]
[tweakshub.club/js/jquery.md5.min.js]
[tweakshub.club/generator.html]
[tweakshub.club/js/main.js]
[tweakshub.club/assets/fonts/vendor/mdi/materialdesignicons-webfont.html]
[tweakshub.club/assets/fonts/materialdesignicons-webfontd41d.html]
[tweakshub.club/assets/fonts/vendor/mdi/materialdesignicons-webfont-2.html]
[cdnjs.cloudflare.com/ajax/libs/font-awesome/4.7.0/css/font-awesome.css]
[tweakshub.club/css/bootstrap.min.css]
[tweakshub.club/css/animate.css]
[tweakshub.club/css/slick.css]
[tweakshub.club/css/magnific-popup.css]
[tweakshub.club/fonts/DINPro-CondensedRegular.woff2]
[tweakshub.club/fonts/DINPro-CondensedBold.woff2]
[tweakshub.club/img/column-decor-blue.png]
[tweakshub.club/img/column-decor-blue-b.png]
[tweakshub.club/img/column-decor-gray-r.png]
[tweakshub.club/img/column-decor-gray-2.png]
[tweakshub.club/img/column-decor-gray-3.png]
[tweakshub.club/img/res-item-decor-t.png]
[tweakshub.club/img/res-item-decor-b.png]
[tweakshub.club/img/icon-prev.png]
[tweakshub.club/img/icon-next.png]
[tweakshub.club/css/style.css]
[tweakshub.club/zloto.html]
[tweakshub.club/fonts/DINPro-CondensedLight.html]
[tweakshub.club/fonts/DINPro-CondensedLight-2.html]
[tweakshub.club/fonts/DINPro-CondensedRegular.html]
[tweakshub.club/fonts/DINPro-CondensedBold.html]
[tweakshub.club/img/main-bg.html]
[tweakshub.club/img/floating-figure.html]
[tweakshub.club/img/player-icon.html]
[tweakshub.club/img/coins-icon.html]
[tweakshub.club/img/points-icon.html]
[tweakshub.club/img/popup-bg.html]
